---
source: crates/ignis_driver/src/pipeline.rs
assertion_line: 2978
expression: format_test_summary_snapshot(&results)
---
- main::passes ... ok (0)
- main::fails ... FAILED (101)
- main::laterPass ... ok (0)

failures:
- main::fails (exit code 101)
  stderr:
    panic: boom
  stdout:
    stdout before panic

total: 3
passed: 2
failed: 1
