---
source: crates/ignis_driver/tests/e2e_err.rs
expression: "diagnostics.join(\"\\n\")"
---
Use of moved value 'n'
  note: 'record Named' is non-Copy because field 'name' has type 'string' which is non-Copy
  note: help: consider adding '@implements(Clone)' to 'record Named' and implementing a 'clone' method
