---
source: crates/ignis_driver/tests/e2e_err.rs
expression: "diagnostics.join(\"\\n\")"
---
Cannot cast from 'i32' to '*i32'
Cannot take reference of non-lvalue expression
Cannot create mutable reference to immutable variable '<expression>'
Type mismatch: expected '*i32', found '&mut *i32'
Cannot cast from 'f64' to '*f64'
Cannot take reference of non-lvalue expression
Cannot create mutable reference to immutable variable '<expression>'
Type mismatch: expected '*f64', found '&mut *f64'
Pointer operator 'Subtract' cannot be applied to types '*i32' and '*f64'
