---
source: crates/ignis_driver/tests/e2e_err.rs
expression: "diagnostics.join(\"\\n\")"
---
Cannot cast from 'i32' to '*mut i32'
Cannot take reference of non-lvalue expression
Cannot create mutable reference to immutable variable '<expression>'
Type mismatch: expected '*mut i32', found '&mut *mut i32'
Cannot cast from 'f64' to '*mut f64'
Cannot take reference of non-lvalue expression
Cannot create mutable reference to immutable variable '<expression>'
Type mismatch: expected '*mut f64', found '&mut *mut f64'
Pointer operator 'Subtract' cannot be applied to types '*mut i32' and '*mut f64'
