---
source: crates/ignis_driver/tests/e2e_err.rs
expression: "diagnostics.join(\"\\n\")"
---
Use of moved value 'holder'
  note: 'record Holder' is non-Copy because field 'payload' has type 'record Payload' which is non-Copy
  note: help: consider adding '@implements(Clone)' to 'record Holder' and implementing a 'clone' method
