---
source: crates/ignis_codegen_c/tests/golden_c.rs
expression: c_code
---
#include "types.h"

int main(void);
i32 identity____i32(i32 x);
string identity____string(string x);

int main(void) {
    // Locals
    i32 l0; // a
    string l1; // b

    // Temporaries
    i32 t0;
    string t1;

entry_0:
    t0 = identity____i32(42);
    l0 = t0;
    t1 = identity____string(ignis_string_from_cstr("hello"));
    l1 = t1;
    ignis_string_drop(l1);
    return 0;
}

i32 identity____i32(i32 x) {
    // Locals
    i32 l0; // x

    // Temporaries
    i32 t0;
    i32 t1;

entry_0:
    l0 = x;
    t1 = l0;
    return t1;
}

string identity____string(string x) {
    // Locals
    string l0; // x

    // Temporaries
    string t0;
    string t1;

entry_0:
    l0 = x;
    t1 = l0;
    return t1;
}
