---
source: crates/ignis_codegen_c/tests/golden_c.rs
expression: c_code
---
#include <string.h>
#include "types.h"

boolean sameNumber(i32* left, i32* right);
boolean sameText(const char** left, const char** right);
void __ignis_user_main(void);

boolean sameNumber(i32* left, i32* right) {
    // Locals
    i32* l0; // left
    i32* l1; // right

    // Temporaries
    i32* t0;
    i32* t1;
    i32* t2;
    i32* t3;
    boolean t4;

entry_0:
    l0 = left;
    l1 = right;
    t2 = l0;
    t3 = l1;
    t4 = *(i32*)(t2) == *(i32*)(t3);
    return t4;
}

boolean sameText(const char** left, const char** right) {
    // Locals
    const char** l0; // left
    const char** l1; // right

    // Temporaries
    const char** t0;
    const char** t1;
    const char** t2;
    const char** t3;
    boolean t4;

entry_0:
    l0 = left;
    l1 = right;
    t2 = l0;
    t3 = l1;
    t4 = strcmp(*(const char**)(t2), *(const char**)(t3)) == 0;
    return t4;
}

void __ignis_user_main(void) {
    // Locals
    i32 l0; // leftNumber
    i32 l1; // rightNumber
    const char* l2; // leftText
    const char* l3; // rightText
    boolean l4; // _numberEqual
    boolean l5; // _textEqual

    // Temporaries
    i32* t0;
    i32* t1;
    boolean t2;
    const char** t3;
    const char** t4;
    boolean t5;

entry_0:
    l0 = 7;
    l1 = 7;
    l2 = "same";
    l3 = "same";
    t0 = &l0;
    t1 = &l1;
    t2 = sameNumber(t0, t1);
    l4 = t2;
    t3 = &l2;
    t4 = &l3;
    t5 = sameText(t3, t4);
    l5 = t5;
    return;
}

int main(int argc, char** argv) {
    ignis_runtime_init((i32)argc, argv);
    (void)argc;
    (void)argv;
    __ignis_user_main();
    return 0;
}
