---
source: crates/ignis_codegen_c/tests/golden_c.rs
expression: c_code
---
#include "types.h"

static i32 add_i32_i32_i32(i32 a, i32 b);
static i32 __ignis_user_main(void);

#line 2 "test.ign"
static i32 add_i32_i32_i32(i32 a, i32 b) {
    // Locals
    i32 l0; // a
    i32 l1; // b

    // Temporaries
    i32 t0;
    i32 t1;
    i32 t2;
    i32 t3;
    i32 t4;

entry_0:
    l0 = a;
    l1 = b;
    t2 = l0;
    t3 = l1;
    t4 = t2 + t3;
    return t4;
}

#line 30 "<generated-c>"

#line 6 "test.ign"
static i32 __ignis_user_main(void) {
    // Temporaries
    i32 t0;

entry_0:
    t0 = add_i32_i32_i32(1, 2);
    return t0;
}

#line 42 "<generated-c>"

int main(int argc, char** argv) {
    ignis_runtime_init((i32)argc, argv);
    (void)argc;
    (void)argv;
    return __ignis_user_main();
}
