---
source: crates/ignis_codegen_c/tests/golden_c.rs
expression: c_code
---
#include "types.h"

void __ignis_user_main(void);
i32 identity____i32(i32 x);
const char* identity____str(const char* x);

void __ignis_user_main(void) {
    // Locals
    i32 l0; // a
    const char* l1; // b

    // Temporaries
    i32 t0;
    const char* t1;

entry_0:
    t0 = identity____i32(42);
    l0 = t0;
    t1 = identity____str("hello");
    l1 = t1;
    return;
}

i32 identity____i32(i32 x) {
    // Locals
    i32 l0; // x

    // Temporaries
    i32 t0;
    i32 t1;

entry_0:
    l0 = x;
    t1 = l0;
    return t1;
}

const char* identity____str(const char* x) {
    // Locals
    const char* l0; // x

    // Temporaries
    const char* t0;
    const char* t1;

entry_0:
    l0 = x;
    t1 = l0;
    return t1;
}

int main(int argc, char** argv) {
    (void)argc;
    (void)argv;
    __ignis_user_main();
    return 0;
}
