---
source: crates/ignis_codegen_c/tests/golden_c.rs
expression: c_code
---
#include "types.h"

static i32 a_b__c_i32(void);
static i32 a__b_c_i32(void);
static void __ignis_user_main(void);

static i32 a_b__c_i32(void) {
entry_0:
    return 1;
}

static i32 a__b_c_i32(void) {
entry_0:
    return 2;
}

static void __ignis_user_main(void) {
    // Locals
    i32 l0; // x
    i32 l1; // y

    // Temporaries
    i32 t0;
    i32 t1;

entry_0:
    t0 = a_b__c_i32();
    l0 = t0;
    t1 = a__b_c_i32();
    l1 = t1;
    return;
}

int main(int argc, char** argv) {
    ignis_runtime_init((i32)argc, argv);
    (void)argc;
    (void)argv;
    __ignis_user_main();
    return 0;
}
