---
source: crates/ignis_codegen_c/tests/golden_c.rs
expression: c_code
---
#include "types.h"

// Type forward declarations
typedef struct Point Point;

// Type definitions
struct Point {
    i32 field_0;
    i32 field_1;
};

int main(void);

int main(void) {
    // Locals
    struct Point l0; // p

    // Temporaries
    struct Point* t0;

entry_0:
    t0 = &l0;
    (t0)->field_0 = 1;
    (t0)->field_1 = 2;
    return 0;
}
