---
source: crates/ignis_codegen_c/tests/golden_c.rs
expression: c_code
---
#include "types.h"

i32 deref__add(i32* a, i32 b);
void __ignis_user_main(void);

i32 deref__add(i32* a, i32 b) {
    // Locals
    i32* l0; // a
    i32 l1; // b

    // Temporaries
    i32* t0;
    i32 t1;
    i32* t2;
    i32 t3;
    i32 t4;
    i32 t5;

entry_0:
    l0 = a;
    l1 = b;
    t2 = l0;
    t3 = *t2;
    t4 = l1;
    t5 = t3 + t4;
    return t5;
}

void __ignis_user_main(void) {
    // Locals
    i32 l0; // x
    i32 l1; // r

    // Temporaries
    i32* t0;
    i32 t1;

entry_0:
    l0 = 42;
    t0 = &l0;
    t1 = deref__add(t0, 10);
    l1 = t1;
    return;
}

int main(int argc, char** argv) {
    (void)argc;
    (void)argv;
    __ignis_user_main();
    return 0;
}
