---
source: crates/ignis_codegen_c/tests/golden_c.rs
expression: c_code
---
#include <stdint.h>
#include <stdbool.h>
#include <math.h>

int32_t deref_add(int32_t* a, int32_t b);
void main(void);

int32_t deref_add(int32_t* a, int32_t b) {
    // Locals
    int32_t* l0; // a
    int32_t l1; // b

    // Temporaries
    int32_t* t0;
    int32_t t1;
    int32_t* t2;
    int32_t t3;
    int32_t t4;
    int32_t t5;

entry_0:
    l0 = t0;
    l1 = t1;
    t2 = l0;
    t3 = *t2;
    t4 = l1;
    t5 = t3 + t4;
    return t5;
}

void main(void) {
    // Locals
    int32_t l0; // x
    int32_t l1; // r

    // Temporaries
    int32_t* t0;
    int32_t t1;

entry_0:
    l0 = 42;
    t0 = &l0;
    t1 = deref_add(t0, 10);
    l1 = t1;
    return;
}
