---
source: crates/ignis_codegen_c/tests/golden_c.rs
expression: c_code
---
#include "types.h"

// Type forward declarations
typedef struct Pair____str____i32 Pair____str____i32;

// Type definitions
struct Pair____str____i32 {
    const char* field_0;
    i32 field_1;
};

void __ignis_user_main(void);

void __ignis_user_main(void) {
    // Locals
    struct Pair____str____i32 l0; // p

    // Temporaries
    struct Pair____str____i32* t0;

entry_0:
    t0 = &l0;
    (t0)->field_0 = "hello";
    (t0)->field_1 = 42;
    return;
}

int main(int argc, char** argv) {
    (void)argc;
    (void)argv;
    __ignis_user_main();
    return 0;
}
