---
source: crates/ignis_codegen_c/tests/golden_c.rs
expression: c_code
---
#include "types.h"

i32 a_b__c(void);
i32 a__b_c(void);
void __ignis_user_main(void);

i32 a_b__c(void) {
entry_0:
    return 1;
}

i32 a__b_c(void) {
entry_0:
    return 2;
}

void __ignis_user_main(void) {
    // Locals
    i32 l0; // x
    i32 l1; // y

    // Temporaries
    i32 t0;
    i32 t1;

entry_0:
    t0 = a_b__c();
    l0 = t0;
    t1 = a__b_c();
    l1 = t1;
    return;
}

int main(int argc, char** argv) {
    (void)argc;
    (void)argv;
    __ignis_user_main();
    return 0;
}
