---
source: crates/ignis_codegen_c/tests/golden_c.rs
expression: c_code
---
#include "types.h"

// Extern declarations
extern u8* ignis_alloc(u64 size);
extern void ignis_memcpy(u8* dest, u8* src, u64 n);

void __ignis_user_main(void);

void __ignis_user_main(void) {
    // Locals
    u8* l0; // p

    // Temporaries
    u8* t0;
    u8* t1;
    u8* t2;
    u8* t3;

entry_0:
    t0 = ignis_alloc(16);
    l0 = t0;
    t1 = l0;
    t2 = l0;
    t3 = (u8*)(t2);
    ignis_memcpy((void*)t1, (void*)t3, 8);
    return;
}

int main(int argc, char** argv) {
    (void)argc;
    (void)argv;
    __ignis_user_main();
    return 0;
}
