---
source: crates/ignis_codegen_c/tests/golden_c.rs
expression: c_code
---
#include <stdint.h>
#include <stdbool.h>
#include <string.h>
#include <math.h>

int32_t calc(int32_t a, int32_t b);
void main(void);

int32_t calc(int32_t a, int32_t b) {
    // Locals
    int32_t l0; // a
    int32_t l1; // b
    int32_t l2; // sum
    int32_t l3; // diff
    int32_t l4; // prod
    int32_t l5; // quot

    // Temporaries
    int32_t t0;
    int32_t t1;
    int32_t t2;
    int32_t t3;
    int32_t t4;
    int32_t t5;
    int32_t t6;
    int32_t t7;
    int32_t t8;
    int32_t t9;
    int32_t t10;
    int32_t t11;
    int32_t t12;
    int32_t t13;
    int32_t t14;
    int32_t t15;
    int32_t t16;
    int32_t t17;
    int32_t t18;
    int32_t t19;
    int32_t t20;

entry_0:
    l0 = a;
    l1 = b;
    t2 = l0;
    t3 = l1;
    t4 = t2 + t3;
    l2 = t4;
    t5 = l0;
    t6 = l1;
    t7 = t5 - t6;
    l3 = t7;
    t8 = l0;
    t9 = l1;
    t10 = t8 * t9;
    l4 = t10;
    t11 = l0;
    t12 = l1;
    t13 = t11 / t12;
    l5 = t13;
    t14 = l2;
    t15 = l3;
    t16 = t14 + t15;
    t17 = l4;
    t18 = t16 + t17;
    t19 = l5;
    t20 = t18 + t19;
    return t20;
}

void main(void) {
    // Locals
    int32_t l0; // r

    // Temporaries
    int32_t t0;

entry_0:
    t0 = calc(10, 2);
    l0 = t0;
    return;
}
