---
source: crates/ignis_codegen_c/tests/golden_c.rs
expression: c_code
---
#include "types.h"

i32 __ignis_user_main(i32 argc, const char** argv);

i32 __ignis_user_main(i32 argc, const char** argv) {
    // Locals
    i32 l0; // argc
    const char** l1; // argv

    // Temporaries
    i32 t0;
    const char** t1;
    i32 t2;

entry_0:
    l0 = argc;
    l1 = argv;
    t2 = l0;
    return t2;
}

int main(int argc, char** argv) {
    return __ignis_user_main((i32)argc, (const char**)argv);
}
