---
source: crates/ignis_codegen_c/tests/golden_c.rs
expression: c_code
---
#include <stdint.h>
#include <stdbool.h>
#include <string.h>
#include <math.h>

int32_t max(int32_t a, int32_t b);
void main(void);

int32_t max(int32_t a, int32_t b) {
    // Locals
    int32_t l0; // a
    int32_t l1; // b
    int l2; // _

    // Temporaries
    int32_t t0;
    int32_t t1;
    int32_t t2;
    int32_t t3;
    bool t4;
    int32_t t5;
    int32_t t6;
    int t7;

entry_0:
    l0 = a;
    l1 = b;
    t2 = l0;
    t3 = l1;
    t4 = t2 > t3;
    if (t4) goto then_1; else goto else_2;

then_1:
    t5 = l0;
    return t5;

else_2:
    t6 = l1;
    return t6;

merge_3:
    t7 = l2;
    __builtin_unreachable();
}

void main(void) {
    // Locals
    int32_t l0; // m

    // Temporaries
    int32_t t0;

entry_0:
    t0 = max(5, 10);
    l0 = t0;
    return;
}
