---
source: crates/ignis_codegen_c/tests/golden_c.rs
expression: c_code
---
#include "types.h"

// Type forward declarations
typedef struct Box____Box____i32 Box____Box____i32;
typedef struct Box____i32 Box____i32;

// Type definitions
struct Box____Box____i32 {
    struct Box____i32 field_0;
};
struct Box____i32 {
    i32 field_0;
};

void __ignis_user_main(void);

void __ignis_user_main(void) {
    // Locals
    struct Box____Box____i32 l0; // outer
    struct Box____i32 l1; // _

    // Temporaries
    struct Box____i32* t0;
    struct Box____i32 t1;
    struct Box____Box____i32* t2;

entry_0:
    t0 = &l1;
    (t0)->field_0 = 42;
    t1 = l1;
    t2 = &l0;
    (t2)->field_0 = t1;
    return;
}

int main(int argc, char** argv) {
    (void)argc;
    (void)argv;
    __ignis_user_main();
    return 0;
}
