---
source: crates/ignis_codegen_c/tests/golden_c.rs
expression: c_code
---
#include "types.h"

// Type forward declarations
typedef struct Pair Pair;

// Type definitions
struct Pair {
    i32 field_0;
};

boolean Pair_equals(struct Pair* self, struct Pair* other);
static boolean same_ref_Pair_ref_Pair_bool(struct Pair* left, struct Pair* right);
static void __ignis_user_main(void);

boolean Pair_equals(struct Pair* self, struct Pair* other) {
    // Locals
    struct Pair* l0; // self
    struct Pair* l1; // other

    // Temporaries
    struct Pair* t0;
    struct Pair* t1;
    struct Pair* t2;
    i32* t3;
    i32 t4;
    struct Pair* t5;
    i32* t6;
    i32 t7;
    boolean t8;

entry_0:
    l0 = self;
    l1 = other;
    t2 = l0;
    t3 = &((t2)->field_0);
    t4 = *t3;
    t5 = l1;
    t6 = &((t5)->field_0);
    t7 = *t6;
    t8 = t4 == t7;
    return t8;
}

static boolean same_ref_Pair_ref_Pair_bool(struct Pair* left, struct Pair* right) {
    // Locals
    struct Pair* l0; // left
    struct Pair* l1; // right

    // Temporaries
    struct Pair* t0;
    struct Pair* t1;
    struct Pair* t2;
    struct Pair* t3;
    boolean t4;

entry_0:
    l0 = left;
    l1 = right;
    t2 = l0;
    t3 = l1;
    t4 = Pair_equals(t2, t3);
    return t4;
}

static void __ignis_user_main(void) {
    // Locals
    struct Pair l0; // left
    struct Pair l1; // right
    boolean l2; // _same

    // Temporaries
    struct Pair* t0;
    struct Pair* t1;
    struct Pair* t2;
    struct Pair* t3;
    boolean t4;

entry_0:
    t0 = &l0;
    __builtin_memset((void*)t0, 0, sizeof(*t0));
(t0)->field_0 = 1;
    t1 = &l1;
    __builtin_memset((void*)t1, 0, sizeof(*t1));
(t1)->field_0 = 1;
    t2 = &l0;
    t3 = &l1;
    t4 = same_ref_Pair_ref_Pair_bool(t2, t3);
    l2 = t4;
    return;
}

int main(int argc, char** argv) {
    ignis_runtime_init((i32)argc, argv);
    (void)argc;
    (void)argv;
    __ignis_user_main();
    return 0;
}
