---
source: crates/ignis_codegen_c/tests/golden_c.rs
expression: c_code
---
#include "types.h"

// Extern declarations
extern i32 puts(const char* s);

void __ignis_user_main(void);

void __ignis_user_main(void) {
    // Temporaries
    i32 t0;

entry_0:
    t0 = puts("hello");
    return;
}

int main(int argc, char** argv) {
    (void)argc;
    (void)argv;
    __ignis_user_main();
    return 0;
}
