---
source: crates/ignis_formatter/tests/canonical_layout.rs
assertion_line: 86
expression: formatted
---
export trait Hash {
  hash(&self, hasher: &mut Hasher): void;
}

/// Canonical equality marker trait.
///
/// Types marked with `@implements(Eq)` must provide
/// `equals(&self, other: &ConcreteType): boolean`.
export trait Eq {}

/// Deterministic 64-bit FNV-1a hasher used by std collections.
///
/// The hasher has a fixed seed and byte order, so output is stable across runs
/// for the same std implementation. It is intended for hash tables and tests,
/// not for cryptographic or adversarial-input protection.
