---
source: crates/ignis_formatter/tests/canonical_layout.rs
expression: formatted
---
export trait Hash {
  hash(&self, hasher: &mut Hasher): void;
}

/// Canonical equality marker trait.
///
/// Types marked with `@implements(Eq)` must provide
/// `equals(&self, other: &ConcreteType): boolean`.
export trait Eq {
}
