---
source: crates/ignis_lir/tests/golden_lir.rs
expression: "common::format_lir(&result)"
---
=== LIR ===

fn drop(self: &mut record#0): void {
  locals:
    %0: &mut record#0 = self [mut]

  entry_0:
    store %0, t0
    ret void
}

fn early_exit(flag: bool): i32 {
  locals:
    %0: bool = flag
    %1: record#0 = s

  entry_0:
    store %0, t0
    t1 = &mut %1 : *mut record#0
    init_record t1, { 0: 1 } : record#0
    t2 = load %0 : bool
    br t2, then_1, else_2

  then_1:
    drop l1
    ret 1

  else_2:
    goto merge_3

  merge_3:
    drop l1
    ret 0
}
