---
source: crates/ignis_lir/tests/golden_lir.rs
expression: "common::format_lir(&result)"
---
=== LIR ===

fn continue_with_string(): i32 {
  locals:
    %0: i32 = i [mut]
    %1: string = s

  entry_0:
    store %0, 0
    goto loop_header_2

  loop_exit_1:
    ret 0

  loop_header_2:
    t0 = load %0 : i32
    t1 = LessThan t0, 10 : bool
    br t1, loop_body_3, loop_exit_1

  loop_body_3:
    store %1, "hello"
    t2 = load %0 : i32
    t3 = Add t2, 1 : i32
    store %0, t3
    drop l1
    goto loop_continue_4

  loop_continue_4:
    goto loop_header_2
}
