---
source: crates/ignis_lir/tests/golden_lir.rs
expression: "common::format_lir(&result)"
---
=== LIR ===

fn early_exit(flag: bool): i32 {
  locals:
    %0: bool = flag
    %1: string = s

  entry_0:
    store %0, t0
    store %1, "hello"
    t1 = load %0 : bool
    br t1, then_1, else_2

  then_1:
    drop l1
    ret 1

  else_2:
    goto merge_3

  merge_3:
    drop l1
    ret 0
}
