---
source: crates/ignis_lir/tests/golden_lir.rs
expression: "common::format_lir(&result)"
---
=== LIR ===

fn break_with_string(): i32 {
  locals:
    %0: string = s

  entry_0:
    goto loop_header_2

  loop_exit_1:
    ret 0

  loop_header_2:
    br true, loop_body_3, loop_exit_1

  loop_body_3:
    store %0, "hello"
    drop l0
    goto loop_exit_1

  loop_continue_4:
    goto loop_header_2
}
