---
source: crates/ignis_analyzer/tests/fixtures.rs
expression: "common::format_diagnostics(&result.output.diagnostics)"
---
[WARN] A0122: unused variable 'h2'
  at Id { index: 0, _phantom: PhantomData<fn() -> ignis_type::file::SourceFile> }:244-263
[ERROR] O0001: Use of moved value 'h'
  at Id { index: 0, _phantom: PhantomData<fn() -> ignis_type::file::SourceFile> }:273-274
