---
source: crates/ignis_analyzer/tests/fixtures.rs
expression: "common::format_diagnostics(&result.output.diagnostics)"
---
[ERROR] A0070: Wrong number of type arguments for 'Box': expected 1, got 2
  at Id { index: 0, _phantom: PhantomData<fn() -> ignis_type::file::SourceFile> }:61-102
[WARN] A0122: unused variable 'b'
  at Id { index: 0, _phantom: PhantomData<fn() -> ignis_type::file::SourceFile> }:61-102
