---
source: crates/ignis_analyzer/tests/fixtures.rs
expression: "common::format_diagnostics(&result.output.diagnostics)"
---
[ERROR] A0133: Drop method 'drop' has wrong signature: expected 'drop(&mut self): void', got 'drop(&mut self, i32): void'
  at Id { index: 0, _phantom: PhantomData<fn() -> ignis_type::file::SourceFile> }:154-205
