---
source: crates/ignis_analyzer/tests/fixtures.rs
expression: "common::format_diagnostics(&result.output.diagnostics)"
---
[ERROR] A0037: Cannot borrow 'data' as mutable because it is already borrowed as immutable
  at Id { index: 0, _phantom: PhantomData<fn() -> ignis_type::file::SourceFile> }:399-408
[WARN] A0122: unused variable 'first'
  at Id { index: 0, _phantom: PhantomData<fn() -> ignis_type::file::SourceFile> }:417-442
