---
source: crates/ignis_analyzer/tests/fixtures.rs
expression: "common::format_diagnostics(&result.output.diagnostics)"
---
[WARN] A0122: unused variable 'r'
  at Id { index: 0, _phantom: PhantomData<fn() -> ignis_type::file::SourceFile> }:270-291
[ERROR] A0037: Cannot borrow 'value' as mutable because it is already borrowed as immutable
  at Id { index: 0, _phantom: PhantomData<fn() -> ignis_type::file::SourceFile> }:334-344
