---
source: crates/ignis_analyzer/tests/fixtures.rs
expression: "common::format_diagnostics(&result.output.diagnostics)"
---
[WARN] A0122: unused variable 'h2'
  at Id { index: 0, _phantom: PhantomData<fn() -> ignis_type::file::SourceFile> }:239-258
[ERROR] O0001: Use of moved value 'h'
  at Id { index: 0, _phantom: PhantomData<fn() -> ignis_type::file::SourceFile> }:268-269
  note: 'record Handle' is non-Copy because field 'name' has type 'string' which is non-Copy
  note: help: consider adding '@implements(Clone)' to 'record Handle' and implementing a 'clone' method
