---
source: crates/ignis_analyzer/tests/fixtures.rs
expression: "common::format_diagnostics(&result.output.diagnostics)"
---
[ERROR] A0043: Cannot return reference to local variable
  at Id { index: 0, _phantom: PhantomData<fn() -> ignis_type::file::SourceFile> }:589-616
[ERROR] A0037: Cannot borrow 'owned' as mutable because it is already borrowed as immutable
  at Id { index: 0, _phantom: PhantomData<fn() -> ignis_type::file::SourceFile> }:744-755
[ERROR] A0037: Cannot borrow 'owned' as mutable because it is already borrowed as immutable
  at Id { index: 0, _phantom: PhantomData<fn() -> ignis_type::file::SourceFile> }:941-952
