---
source: crates/ignis_analyzer/tests/fixtures.rs
expression: "common::format_diagnostics(&result.output.diagnostics)"
---
[WARN] A0122: unused variable 'y'
  at Id { index: 0, _phantom: PhantomData<fn() -> ignis_type::file::SourceFile> }:126-151
[ERROR] A0014: Cannot create mutable reference to immutable variable 'x'
  at Id { index: 0, _phantom: PhantomData<fn() -> ignis_type::file::SourceFile> }:144-150
