---
source: crates/ignis_analyzer/tests/fixtures.rs
expression: "common::format_diagnostics(&result.output.diagnostics)"
---
[ERROR] A0013: Cannot assign to immutable variable 'SEED'
  at Id { index: 0, _phantom: PhantomData<fn() -> ignis_type::file::SourceFile> }:460-477
[WARN] A0122: unused variable 'seed'
  at Id { index: 0, _phantom: PhantomData<fn() -> ignis_type::file::SourceFile> }:527-567
[ERROR] A0014: Cannot create mutable reference to immutable variable 'SEED'
  at Id { index: 0, _phantom: PhantomData<fn() -> ignis_type::file::SourceFile> }:548-566
