---
source: crates/ignis_analyzer/tests/fixtures.rs
expression: "common::format_diagnostics(&result.output.diagnostics)"
---
[ERROR] A0038: Cannot borrow 'x' as mutable because it is already borrowed as mutable
  at Id { index: 0, _phantom: PhantomData<fn() -> ignis_type::file::SourceFile> }:156-162
