---
source: crates/ignis_analyzer/tests/fixtures.rs
expression: "common::format_diagnostics(&result.output.diagnostics)"
---
[ERROR] A0043: Cannot return reference to local variable
  at Id { index: 0, _phantom: PhantomData<fn() -> ignis_type::file::SourceFile> }:376-396
[ERROR] A0202: View 'view' outlives 'owned', the value it borrows from
  at Id { index: 0, _phantom: PhantomData<fn() -> ignis_type::file::SourceFile> }:522-541
  label: 'owned' is dropped at the end of this scope at Id { index: 0, _phantom: PhantomData<fn() -> ignis_type::file::SourceFile> }:476-481
