---
source: crates/ignis_analyzer/tests/golden_err.rs
expression: "common::format_diagnostics(&result.output.diagnostics)"
---
[ERROR] A0140: trait 'Serializable' requires method 'serialize' but it is not implemented on 'User'
  at Id { index: 0, _phantom: PhantomData<fn() -> ignis_type::file::SourceFile> }:535-576
  label: directive declaration at Id { index: 0, _phantom: PhantomData<fn() -> ignis_type::file::SourceFile> }:293-350
  label: directive use at Id { index: 0, _phantom: PhantomData<fn() -> ignis_type::file::SourceFile> }:521-528
  note: generated item #0: generated implemented trait attachment for definition 4 -> trait 3
