---
source: crates/ignis_analyzer/tests/golden_err.rs
expression: "common::format_diagnostics(&result.output.diagnostics)"
---
[WARN] A0122: unused variable 'x'
  at Id { index: 0, _phantom: PhantomData<fn() -> ignis_type::file::SourceFile> }:29-45
[ERROR] A0046: Integer literal 256 overflows type 'i8'
  at Id { index: 0, _phantom: PhantomData<fn() -> ignis_type::file::SourceFile> }:41-44
