---
source: crates/ignis_analyzer/tests/golden_err.rs
expression: "common::format_diagnostics(&result.output.diagnostics)"
---
[WARN] A0122: unused variable 'ch'
  at Id { index: 0, _phantom: PhantomData<fn() -> ignis_type::file::SourceFile> }:29-46
[ERROR] A0046: Integer literal 300 overflows type 'u8'
  at Id { index: 0, _phantom: PhantomData<fn() -> ignis_type::file::SourceFile> }:42-45
