---
source: crates/ignis_analyzer/tests/golden_hir.rs
expression: "common::format_hir(&result)"
---
=== HIR ===


--- Definitions ---

fn invert(b: bool): bool
  body:
    Block : never
      statements:
        Return : never
          Unary(Not) : bool
            Variable(b [param]) : bool

fn negate(x: i32): i32
  body:
    Block : never
      statements:
        Return : never
          Unary(Neg) : i32
            Variable(x [param]) : i32
