---
source: crates/ignis_analyzer/tests/golden_err.rs
expression: "common::format_diagnostics(&result.output.diagnostics)"
---
[ERROR] A0018: Argument 1 type mismatch: expected 'i32', got 'fn(i32, i32) -> i32'
  at Id { index: 0, _phantom: PhantomData<fn() -> ignis_type::file::SourceFile> }:171-180
[ERROR] A0050: Function path 'Math::add' can only be used as a call target (e.g., Math::add(...))
  at Id { index: 0, _phantom: PhantomData<fn() -> ignis_type::file::SourceFile> }:171-180
