---
source: crates/ignis_analyzer/tests/golden_err.rs
expression: "common::format_diagnostics(&result.output.diagnostics)"
---
[WARN] A0122: unused variable 'x'
  at Id { index: 0, _phantom: PhantomData<fn() -> ignis_type::file::SourceFile> }:29-54
[ERROR] I0033: Undeclared variable 'unknown_var'
  at Id { index: 0, _phantom: PhantomData<fn() -> ignis_type::file::SourceFile> }:42-53
[ERROR] I0033: Undeclared variable 'unknown_var'
  at Id { index: 0, _phantom: PhantomData<fn() -> ignis_type::file::SourceFile> }:42-53
