---
source: crates/ignis_analyzer/tests/golden_err.rs
expression: "common::format_diagnostics(&result.output.diagnostics)"
---
[ERROR] A0101: Ambiguous overload call to 'read' with arguments (str)
  Matching signatures:
    - (str): i32
    - (str): bool
  at Id { index: 0, _phantom: PhantomData<fn() -> ignis_type::file::SourceFile> }:134-152
