---
source: crates/ignis_analyzer/tests/golden_err.rs
expression: "common::format_diagnostics(&result.output.diagnostics)"
---
[WARN] A0127: variable 'p' does not need to be mutable
  at Id { index: 0, _phantom: PhantomData<fn() -> ignis_type::file::SourceFile> }:133-185
[ERROR] O0009: Pointer 'p' has already been freed
  at Id { index: 0, _phantom: PhantomData<fn() -> ignis_type::file::SourceFile> }:225-254
