---
source: crates/ignis_analyzer/tests/golden_err.rs
expression: "common::format_diagnostics(&result.output.diagnostics)"
---
[WARN] A0122: unused variable 'x'
  at Id { index: 0, _phantom: PhantomData<fn() -> ignis_type::file::SourceFile> }:172-199
[ERROR] A0176: member call as pipe RHS callee is not supported
  at Id { index: 0, _phantom: PhantomData<fn() -> ignis_type::file::SourceFile> }:190-195
  label: help: use a lambda: `x |> (v) -> obj.method(v)` at Id { index: 0, _phantom: PhantomData<fn() -> ignis_type::file::SourceFile> }:187-189
