---
source: crates/ignis_analyzer/tests/golden_err.rs
expression: "common::format_diagnostics(&result.output.diagnostics)"
---
[WARN] A0122: unused variable 'x'
  at Id { index: 0, _phantom: PhantomData<fn() -> ignis_type::file::SourceFile> }:127-159
[ERROR] A0174: only one `_` placeholder is allowed per pipe step
  at Id { index: 0, _phantom: PhantomData<fn() -> ignis_type::file::SourceFile> }:149-150
  label: second placeholder here at Id { index: 0, _phantom: PhantomData<fn() -> ignis_type::file::SourceFile> }:155-156
