---
source: crates/ignis_analyzer/tests/golden_err.rs
expression: "common::format_diagnostics(&namespace_first.output.diagnostics)"
---
[ERROR] A0052: Type 'Foo' is already defined
  at Id { index: 0, _phantom: PhantomData<fn() -> ignis_type::file::SourceFile> }:68-101
  label: Previous definition here at Id { index: 0, _phantom: PhantomData<fn() -> ignis_type::file::SourceFile> }:1-66
