---
source: crates/ignis_analyzer/tests/golden_err.rs
expression: "common::format_diagnostics(&result.output.diagnostics)"
---
[ERROR] A0190: type 'OnlyHash' does not satisfy bound 'T: Eq'
  at Id { index: 0, _phantom: PhantomData<fn() -> ignis_type::file::SourceFile> }:339-394
[ERROR] A0190: type 'OnlyHash' does not satisfy bound 'T: Eq'
  at Id { index: 0, _phantom: PhantomData<fn() -> ignis_type::file::SourceFile> }:368-393
