---
source: crates/ignis_analyzer/tests/golden_err.rs
expression: "common::format_diagnostics(&result.output.diagnostics)"
---
[WARN] A0122: unused variable 'x'
  at Id { index: 0, _phantom: PhantomData<fn() -> ignis_type::file::SourceFile> }:86-115
[ERROR] A0018: Argument 2 type mismatch: expected 'i32', got 'str'
  at Id { index: 0, _phantom: PhantomData<fn() -> ignis_type::file::SourceFile> }:106-113
