---
source: crates/ignis_analyzer/tests/golden_err.rs
expression: "common::format_diagnostics(&result.output.diagnostics)"
---
[WARN] A0122: unused variable 'x'
  at Id { index: 0, _phantom: PhantomData<fn() -> ignis_type::file::SourceFile> }:94-113
[ERROR] A0058: 'u' is not an enum
  at Id { index: 0, _phantom: PhantomData<fn() -> ignis_type::file::SourceFile> }:107-112
