---
source: crates/ignis_analyzer/tests/golden_err.rs
expression: "common::format_diagnostics(&result.output.diagnostics)"
---
[ERROR] I0043: Undefined type 'bool'
  at Id { index: 0, _phantom: PhantomData<fn() -> ignis_type::file::SourceFile> }:29-56
[ERROR] A0019: Binary operator 'Add' cannot be applied to types 'bool' and 'bool'
  at Id { index: 0, _phantom: PhantomData<fn() -> ignis_type::file::SourceFile> }:43-55
