---
source: crates/ignis_analyzer/tests/golden_err.rs
expression: "common::format_diagnostics(&result.output.diagnostics)"
---
[ERROR] A0103: Duplicate overload signature for 'a': (): i32
  at Id { index: 0, _phantom: PhantomData<fn() -> ignis_type::file::SourceFile> }:97-100
[ERROR] A0101: Ambiguous overload call to 'a' with arguments ()
  Matching signatures:
    - (): i32
    - (): i32
  at Id { index: 0, _phantom: PhantomData<fn() -> ignis_type::file::SourceFile> }:169-177
