---
source: crates/ignis_analyzer/tests/golden_err.rs
expression: "common::format_diagnostics(&result.output.diagnostics)"
---
[ERROR] A0068: Static field 'VALUE' in 'Config' must be initialized with a constant expression
  at Id { index: 0, _phantom: PhantomData<fn() -> ignis_type::file::SourceFile> }:73-97
