---
source: crates/ignis_analyzer/tests/golden_err.rs
expression: "common::format_diagnostics(&result.output.diagnostics)"
---
[WARN] A0122: unused variable 'w'
  at Id { index: 0, _phantom: PhantomData<fn() -> ignis_type::file::SourceFile> }:65-100
[ERROR] A0177: record initialization as pipe RHS requires a `_` placeholder
  at Id { index: 0, _phantom: PhantomData<fn() -> ignis_type::file::SourceFile> }:79-99
  label: help: insert `_` where the piped value should go at Id { index: 0, _phantom: PhantomData<fn() -> ignis_type::file::SourceFile> }:76-78
[WARN] A0122: unused variable 'v'
  at Id { index: 0, _phantom: PhantomData<fn() -> ignis_type::file::SourceFile> }:105-137
[ERROR] A0177: vector literal as pipe RHS requires a `_` placeholder
  at Id { index: 0, _phantom: PhantomData<fn() -> ignis_type::file::SourceFile> }:127-136
  label: help: insert `_` where the piped value should go at Id { index: 0, _phantom: PhantomData<fn() -> ignis_type::file::SourceFile> }:124-126
