---
source: crates/ignis_analyzer/tests/golden_hir.rs
expression: "common::format_hir(&result)"
---
=== HIR ===


--- Definitions ---

fn compare(a: i32, b: i32): error
  body:
    Block : never
      statements:
        Let(lt) : void
          init:
            Binary(LessThan) : bool
              left:
                Variable(a [param]) : i32
              right:
                Variable(b [param]) : i32
        Let(le) : void
          init:
            Binary(LessEqual) : bool
              left:
                Variable(a [param]) : i32
              right:
                Variable(b [param]) : i32
        Let(gt) : void
          init:
            Binary(GreaterThan) : bool
              left:
                Variable(a [param]) : i32
              right:
                Variable(b [param]) : i32
        Let(ge) : void
          init:
            Binary(GreaterEqual) : bool
              left:
                Variable(a [param]) : i32
              right:
                Variable(b [param]) : i32
        Let(eq) : void
          init:
            Binary(Equal) : bool
              left:
                Variable(a [param]) : i32
              right:
                Variable(b [param]) : i32
        Let(ne) : void
          init:
            Binary(NotEqual) : bool
              left:
                Variable(a [param]) : i32
              right:
                Variable(b [param]) : i32
        Return : never
          Variable(eq) : error

--- Variable Initializers ---

eq: error = Binary(Equal, Variable(a), Variable(b))
ge: error = Binary(GreaterEqual, Variable(a), Variable(b))
gt: error = Binary(GreaterThan, Variable(a), Variable(b))
le: error = Binary(LessEqual, Variable(a), Variable(b))
lt: error = Binary(LessThan, Variable(a), Variable(b))
ne: error = Binary(NotEqual, Variable(a), Variable(b))
