---
source: crates/ignis_analyzer/tests/golden_err.rs
expression: "common::format_diagnostics(&result.output.diagnostics)"
---
[WARN] A0122: unused variable 'x'
  at Id { index: 0, _phantom: PhantomData<fn() -> ignis_type::file::SourceFile> }:172-199
[ERROR] A0017: Function 'add' expects 1 arguments, got 2
  at Id { index: 0, _phantom: PhantomData<fn() -> ignis_type::file::SourceFile> }:187-189
