---
source: crates/ignis_analyzer/tests/golden_ok.rs
assertion_line: 85
expression: "common::format_hir(&result)"
---
=== HIR ===


--- Definitions ---

fn modify(x: &mut i32): void
  body:
    Block : never
      statements:
        ExprStmt : &mut i32
          Assign(=) : &mut i32
            target:
              Variable(x [param]) : &mut i32
            value:
              Literal(Int32(42)) : i32
        Return : never
