---
source: crates/ignis_analyzer/tests/golden_err.rs
expression: "common::format_diagnostics(&result.output.diagnostics)"
---
[WARN] A0122: unused variable 'list'
  at Id { index: 0, _phantom: PhantomData<fn() -> ignis_type::file::SourceFile> }:163-192
[WARN] A0122: unused variable 'again'
  at Id { index: 0, _phantom: PhantomData<fn() -> ignis_type::file::SourceFile> }:197-222
[ERROR] O0001: Use of moved value 'value'
  at Id { index: 0, _phantom: PhantomData<fn() -> ignis_type::file::SourceFile> }:216-221
  note: 'record Owned' implements Drop, which makes it non-Copy
  note: help: consider adding '@implements(Clone)' to 'record Owned' and implementing a 'clone' method
