---
source: crates/ignis_analyzer/tests/golden_hir.rs
assertion_line: 113
expression: "common::format_hir(&result)"
---
=== HIR ===


--- Definitions ---

fn swap(a: &mut i32, b: &mut i32): void
  body:
    Block : never
      statements:
        Let(temp) : void
          init:
            Dereference(*) : i32
              Variable(a [param]) : &mut i32
        ExprStmt : &mut i32
          Assign(=) : &mut i32
            target:
              Variable(a [param]) : &mut i32
            value:
              Dereference(*) : i32
                Variable(b [param]) : &mut i32
        ExprStmt : &mut i32
          Assign(=) : &mut i32
            target:
              Variable(b [param]) : &mut i32
            value:
              Variable(temp) : i32
        Return : never

--- Variable Initializers ---

temp: i32 = *(Variable(a))
