---
source: crates/ignis_analyzer/tests/golden_ok.rs
expression: "common::format_hir(&result)"
---
=== HIR ===

Entry Point: main

--- Definitions ---

fn main(): void
  body:
    Block : never
      statements:
        Let(p) : void
          init:
            RecordInit(Person) : record Person
              field[0]:
                Literal(Int32(30)) : i32
        Let(_x) : void
          init:
            MethodCall(greet) : i32
              receiver:
                Reference(&) : &record Person
                  Variable(p) : record Person
        Return : never

--- Variable Initializers ---

_x: i32 = <complex: i32>
p: record Person = <complex: record Person>
