---
source: crates/ignis_analyzer/tests/golden_hir.rs
expression: "common::format_hir(&result)"
---
=== HIR ===


--- Definitions ---

fn logic(a: bool, b: bool): bool
  body:
    Block : never
      statements:
        Let(and_result) : void
          init:
            Binary(And) : bool
              left:
                Variable(a [param]) : bool
              right:
                Variable(b [param]) : bool
        Let(or_result) : void
          init:
            Binary(Or) : bool
              left:
                Variable(a [param]) : bool
              right:
                Variable(b [param]) : bool
        Return : never
          Binary(Or) : bool
            left:
              Variable(and_result) : bool
            right:
              Variable(or_result) : bool

--- Variable Initializers ---

and_result: bool = Binary(And, Variable(a), Variable(b))
or_result: bool = Binary(Or, Variable(a), Variable(b))
