'@zeroed' needs a type with a zero value: 'str' cannot be zero-initialized: a string cannot be null
'@zeroed' needs a type with a zero value: 'Handle' cannot be zero-initialized: it runs a drop
'@zeroed' needs a type with a zero value: 'Shape' cannot be zero-initialized: an enum with a payload has no zero value
'@zeroed' needs a type with a zero value: '&i32' cannot be zero-initialized: a reference cannot be null
@zeroed expects 0 argument(s), got 1
Wrong number of type arguments for '@zeroed': expected 1, got 0