'@splat' needs an array type argument such as 'u8[16]', found 'u8'
Type mismatch: expected 'u8', found 'bool'
'@splat' copies its value into every element, but 'Handle' is not Copy
@splat expects 1 argument(s), got 0
@splat expects 1 argument(s), got 2
'@splat' expands to 65537 elements, more than the limit of 65536