'static mut' field 'NAME' has no initializer, so it starts zeroed: 'str' cannot be zero-initialized: a string cannot be null
'static mut' field 'LINK' has no initializer, so it starts zeroed: '&i32' cannot be zero-initialized: a reference cannot be null
'static mut' field 'HANDLE' has no initializer, so it starts zeroed: 'Handle' cannot be zero-initialized: it runs a drop
'static mut' field 'SHAPE' has no initializer, so it starts zeroed: 'Shape' cannot be zero-initialized: an enum with a payload has no zero value
'static mut' field 'HANDLES' has no initializer, so it starts zeroed: 'Handle' cannot be zero-initialized: it runs a drop